   Building imusic @ file:///F:/Code/Imusic
